// Jest Snapshot v1, https://goo.gl/fbAQLP

exports[`<HomePage /> should render and match the snapshot 1`] = `
<article>
  <div>
    <section
      class="sc-VigVT sc-jTzLTM gPzZSo"
    >
      <h2
        class="sc-bdVaJa dAIgSr"
      >
        <span>
          Start your next react project in seconds
        </span>
      </h2>
      <p>
        <span>
          A highly scalable, offline-first foundation with the best DX and a focus on performance and best practices
        </span>
      </p>
    </section>
    <section
      class="sc-VigVT GwNEO"
    >
      <h2
        class="sc-bdVaJa dAIgSr"
      >
        <span>
          Try me!
        </span>
      </h2>
      <form
        class="sc-fjdhpX hPMBNF"
      >
        <label
          for="username"
        >
          <span>
            Show Github repositories by
          </span>
          <span
            class="sc-gqjmRU eUVlDE"
          >
            <span>
              @
            </span>
          </span>
          <input
            class="sc-jzJRlG kiUvcq"
            id="username"
            placeholder="mxstbr"
            type="text"
            value=""
          />
        </label>
      </form>
      <div
        class="sc-htpNat bnclQV"
      >
        <ul
          class="sc-bwzfXH bypwNT"
        />
      </div>
    </section>
  </div>
</article>
`;
