// Jest Snapshot v1, https://goo.gl/fbAQLP

exports[`<ReposList /> should render the loading indicator when its loading 1`] = `
<div
  class="sc-bwzfXH bycCir"
>
  <ul
    class="sc-bdVaJa kjaCOS"
  >
    <div
      class="sc-EHOje gGoChr"
    >
      <div
        class="sc-ifAKCX edDXsf"
      />
      <div
        class="sc-ifAKCX dwBzUM"
        rotate="30"
      />
      <div
        class="sc-ifAKCX bwzsCI"
        rotate="60"
      />
      <div
        class="sc-ifAKCX kauFWn"
        rotate="90"
      />
      <div
        class="sc-ifAKCX bxtDgL"
        rotate="120"
      />
      <div
        class="sc-ifAKCX QkOVc"
        rotate="150"
      />
      <div
        class="sc-ifAKCX droLCd"
        rotate="180"
      />
      <div
        class="sc-ifAKCX ipLZRC"
        rotate="210"
      />
      <div
        class="sc-ifAKCX hMBtdV"
        rotate="240"
      />
      <div
        class="sc-ifAKCX fNJWDf"
        rotate="270"
      />
      <div
        class="sc-ifAKCX idkAbN"
        rotate="300"
      />
      <div
        class="sc-ifAKCX ilbcVg"
        rotate="330"
      />
    </div>
  </ul>
</div>
`;

exports[`<ReposList /> should render the repositories if loading was successful 1`] = `
<div
  class="sc-bwzfXH bycCir"
>
  <ul
    class="sc-bdVaJa kjaCOS"
  >
    <li
      class="sc-bxivhb cHNIkg"
    >
      <div
        class="sc-htpNat cdjzok"
      >
        <div
          class="sc-iwsKbI jqiRxi"
        >
          <a
            class="sc-gzVnrw sc-dnqmqq cnWlmM"
            href="https://github.com/react-boilerplate/react-boilerplate"
            target="_blank"
          >
            react-boilerplate
          </a>
          <a
            class="sc-gzVnrw sc-htoDjs eDvFek"
            href="https://github.com/react-boilerplate/react-boilerplate/issues"
            target="_blank"
          >
            <svg
              class="sc-bZQynM ijZVQR"
              height="1em"
              width="0.875em"
            >
              <path
                d="M7 2.3c3.14 0 5.7 2.56 5.7 5.7S10.14 13.7 7 13.7 1.3 11.14 1.3 8s2.56-5.7 5.7-5.7m0-1.3C3.14 1 0 4.14 0 8s3.14 7 7 7 7-3.14 7-7S10.86 1 7 1z m1 3H6v5h2V4z m0 6H6v2h2V10z"
              />
            </svg>
            <span>
              20
            </span>
          </a>
        </div>
      </div>
    </li>
  </ul>
</div>
`;
